---
source: src/render/snapshots.rs
expression: frame
---
                                                                                                                        
                                                                                                                        
                                                                                                                        
                                                                                                                        
                                                                                                                        
                                                                                                                        
                                                                                                                        
                                                                                                                        
                                                                                                                        
                                                                                                                        
                                                                                                                        
                                                                                                                        
                                                                                                                        
                                                                                                                        
                                                                                                                        
                                                                                                                        
                                                                                                                        
                                                                                                                        
                                                                                                                        
                                                                                                                        
                                                                                                                        
                                                                                                                        
                                                                                                                        
                                                                                                                        
                                                                                                                        
                                                                                                                        
                                                                                                                        
                                                                                                                        
                                                                                                                        
                                                                                                                        
 > run tests and audit in parallel                                                                                      
                                                                                                                        
 ● Bash(cargo test)                                                                                                     
                                                                                                                        
 ◐ Running tools... (esc to interrupt · ctrl+b to background · 9s · ↓ 0 tokens)                                         
   ◦ Audit deps  starting… · 9s                                                                                         
╭──────────────────────────────────────────────────────────────────────────────────────────────────────────────────────╮
│ >                                                                                                                    │
╰──────────────────────────────────────────────────────────────────────────────────────────────────────────────────────╯
safety: ask · reasoning: medium                                                                              ollama/test
