---
source: src/render/snapshots.rs
expression: frame
---
 > ship the feature                                                                                     Today at 3:04am 
                                                                                                                        
                                                                                                                        
                                                                                                                        
                                                                                                                        
                                                                                                                        
                                                                                                                        
                                                                                                                        
                                                                                                                        
                                                                                                                        
                                                                                                                        
                                                                                                                        
                                                                                                                        
                                                                                                                        
                                                                                                                        
                                                                                                                        
                                                                                                                        
                                                                                                                        
                                                                                                                        
                                                                                                                        
                                                                                                                        
                                                                                                                        
                                                                                                                        
                                                                                                                        
                                                                                                                        
                                                                                                                        
                                                                                                                        
                                                                                                                        
                                                                                                                        
                                                                                                                        
                                                                                                                        
                                                                                                                        
                                                                                                                        
                                                                                                                        
                                                                                                                        
────────────────────────────────────────────────────────────────────────────────────────────────────────────────────────
>                                                                                                                       
────────────────────────────────────────────────────────────────────────────────────────────────────────────────────────
snapuser@snaphost:/project/demo                                                                             context: n/a
mermaid v0.0.0 · safety: ask · reasoning: medium                                                             ollama/test
