---
source: src/render/snapshots.rs
expression: frame
---
 > explain the plan                                                                                     Today at 3:04am 
                                                                                                                        
 ● The plan has three phases: first we                                                                                  
                                                                                                                        
                                                                                                                        
                                                                                                                        
                                                                                                                        
                                                                                                                        
                                                                                                                        
                                                                                                                        
                                                                                                                        
                                                                                                                        
                                                                                                                        
                                                                                                                        
                                                                                                                        
                                                                                                                        
                                                                                                                        
                                                                                                                        
                                                                                                                        
                                                                                                                        
                                                                                                                        
                                                                                                                        
                                                                                                                        
                                                                                                                        
                                                                                                                        
                                                                                                                        
                                                                                                                        
                                                                                                                        
                                                                                                                        
                                                                                                                        
                                                                                                                        
                                                                                                                        
                                                                                                                        
                                                                                                                        
 ↓ Streaming... (esc to interrupt • 3s • ↓ ~12 tokens)                                                                  
────────────────────────────────────────────────────────────────────────────────────────────────────────────────────────
>                                                                                                                       
────────────────────────────────────────────────────────────────────────────────────────────────────────────────────────
snapuser@snaphost:/project/demo                                                                             context: n/a
mermaid v0.0.0 · safety: ask · reasoning: medium                                                             ollama/test
