---
source: src/render/snapshots.rs
assertion_line: 67
expression: frame
---
 > ship the feature                                 January 2nd, 2026 at 3:04am 
                                                                                
 ● Bash(cargo check)                                                            
                                                                                
                                                                                
                                                                                
                                                                                
                                                                                
                                                                                
                                                                                
                                                                                
                                                                                
                                                                                
                                                                                
                                                                                
                                                                                
 • Wiring the broker through ExecContext...                                     
   (esc to interrupt • ctrl+b to background • 3s • ↓ 0 tokens)                  
  ⎿ Next: Render the checklist band                                             
────────────────────────────────────────────────────────────────────────────────
>                                                                               
────────────────────────────────────────────────────────────────────────────────
snapuser@snaphost:/project/demo                                     context: n/a
mermaid v0.0.0 · safety: ask · reasoning: medium                     ollama/test
