---
source: src/render/snapshots.rs
assertion_line: 67
expression: frame
---
 > run tests and audit in parallel                  January 2nd, 2026 at 3:04am 
                                                                                
 ● Bash(cargo test)                                                             
                                                                                
                                                                                
                                                                                
                                                                                
                                                                                
                                                                                
                                                                                
                                                                                
                                                                                
                                                                                
                                                                                
                                                                                
                                                                                
                                                                                
 • Running tools... (esc to interrupt • ctrl+b to background • 9s • ↓ 0 tokens) 
   ◦ Audit deps  starting… · 9s                                                 
────────────────────────────────────────────────────────────────────────────────
>                                                                               
────────────────────────────────────────────────────────────────────────────────
snapuser@snaphost:/project/demo                                     context: n/a
mermaid v0.0.0 · safety: ask · reasoning: medium                     ollama/test
