---
source: src/render/snapshots.rs
expression: frame
---
 > start the server                                                                                                     
                                                                                                                        
 ● Bash(npm run dev)                                                                                                    
                                                                                                                        
                                                                                                                        
                                                                                                                        
                                                                                                                        
                                                                                                                        
                                                                                                                        
                                                                                                                        
                                                                                                                        
                                                                                                                        
                                                                                                                        
                                                                                                                        
                                                                                                                        
                                                                                                                        
                                                                                                                        
                                                                                                                        
                                                                                                                        
                                                                                                                        
                                                                                                                        
                                                                                                                        
                                                                                                                        
                                                                                                                        
                                                                                                                        
                                                                                                                        
                                                                                                                        
                                                                                                                        
                                                                                                                        
                                                                                                                        
                                                                                                                        
                                                                                                                        
                                                                                                                        
                                                                                                                        
 ◐ Running tools... (esc to interrupt · ctrl+b to background · 3s · ↓ 0 tokens)                                         
 > also check the logs afterwards                                                                                       
╭──────────────────────────────────────────────────────────────────────────────────────────────────────────────────────╮
│ >                                                                                                                    │
╰──────────────────────────────────────────────────────────────────────────────────────────────────────────────────────╯
safety: ask · reasoning: medium                                                                              ollama/test
