---
source: src/render/snapshots.rs
expression: frame
---
                                                                                
                                                                                
                                                                                
                                                                                
                                                                                
                                                                                
                                                                                
                                                                                
                                                                                
                                                                                
                                                                                
                                                                                
                                                                                
                                                                                
                                                                                
                                                                                
                                                                                
                                                                                
                                                                                
────────────────────────────────────────────────────────────────────────────────
>                                                                               
────────────────────────────────────────────────────────────────────────────────
snapuser@snaphost:/project/demo                        context: n/a | session: 0
mermaid v0.16.0 · safety: ask · reasoning: medium                    ollama/test
