---
source: src/render/snapshots.rs
expression: frame
---
                                                                                
                                                                                
                                                                                
                                                                                
                                                                                
                                                                                
                                                                                
                                                                                
                                                                                
                                                                                
                                                                                
                                                                                
                                                                                
                                                                                
                                                                                
                                                                                
                                                                                
 Enter Command ─────────────────────────────────────────────────────────────────
> /mo                                                                           
────────────────────────────────────────────────────────────────────────────────
┌ Commands (2)  ↑↓ navigate · Tab complete · Esc dismiss ──────────────────────┐
│ /model [name]          Switch model (auto-pulls if needed) or show current   │
│ /model-info <model>    Show provider/model capability information            │
└──────────────────────────────────────────────────────────────────────────────┘
