---
source: src/render/snapshots.rs
expression: frame
---
 > explain the plan                                                             
                                                                                
 ● The plan has three phases: first we                                          
                                                                                
                                                                                
                                                                                
                                                                                
                                                                                
                                                                                
                                                                                
                                                                                
                                                                                
                                                                                
                                                                                
                                                                                
                                                                                
                                                                                
                                                                                
                                                                                
 ◐ Streaming... (esc to interrupt · 3s · ↓ 12 tokens)                           
╭──────────────────────────────────────────────────────────────────────────────╮
│ >                                                                            │
╰──────────────────────────────────────────────────────────────────────────────╯
safety: ask · reasoning: medium                                      ollama/test
