---
source: src/render/snapshots.rs
assertion_line: 67
expression: frame
---
 > set up the database                              January 2nd, 2026 at 3:04am 
                                                                                
                                                                                
                                                                                
                                                                                
                                                                                
                                                                                
                                                                                
                                                                                
                                                                                
┌──────────────────────────────────────────────────────────────────────────────┐
│ Database                                                                     │
│Which database should the service use?                                        │
│                                                                              │
│> 1. PostgreSQL                                                               │
│     Relational, battle-tested                                                │
│  2. SQLite                                                                   │
│     Embedded, zero-ops                                                       │
│  3. Type something                                                           │
│                                                                              │
│Notes: press n to add notes                                                   │
│                                                                              │
│Enter to select | Up/Down to navigate | n: notes | c: chat | Esc to cancel    │
└──────────────────────────────────────────────────────────────────────────────┘
