---
source: src/render/snapshots.rs
expression: frame
---
                                                                                
                                                                                
                                                                                
                                                                                
                                                                                
                                                                                
                                                                                
                                                                                
                                                                                
                                                                                
                                                                                
                                                                                
                                                                                
                                                                                
                                                                                
                                                                                
                                                                                
                                                                                
 > ship the feature                                                             
                                                                                
╭──────────────────────────────────────────────────────────────────────────────╮
│ >                                                                            │
╰──────────────────────────────────────────────────────────────────────────────╯
safety: auto · reasoning: medium                                     ollama/test
