---
source: src/render/snapshots.rs
assertion_line: 67
expression: frame
---
 > start the server                                 January 2nd, 2026 at 3:04am 
                                                                                
 ● Bash(npm run dev)                                                            
                                                                                
                                                                                
                                                                                
                                                                                
                                                                                
                                                                                
                                                                                
                                                                                
                                                                                
                                                                                
                                                                                
                                                                                
                                                                                
                                                                                
 • Running tools... (esc to interrupt • ctrl+b to background • 3s • ↓ 0 tokens) 
 > also check the logs afterwards                                               
────────────────────────────────────────────────────────────────────────────────
>                                                                               
────────────────────────────────────────────────────────────────────────────────
snapuser@snaphost:/project/demo                                     context: n/a
mermaid v0.16.0 · safety: ask · reasoning: medium                    ollama/test
