---
source: src/render/snapshots.rs
expression: frame
---
 > ship the feature                                                                         January 2nd, 2026 at 3:04am 
                                                                                                                        
                                                                                                                        
                                                                                                                        
                                                                                                                        
                                                                                                                        
                                                                                                                        
                                                                                                                        
                                                                                                                        
                                                                                                                        
                                                                                                                        
                                                                                                                        
                                                                                                                        
                                                                                                                        
                                                                                                                        
                                                                                                                        
                                                                                                                        
                                                                                                                        
                                                                                                                        
                                                                                                                        
                                                                                                                        
                                                                                                                        
                                                                                                                        
                                                                                                                        
                                                                                                                        
                                                                                                                        
                                                                                                                        
                                                                                                                        
                                                                                                                        
                                                                                                                        
                                                                                                                        
                                                                                                                        
 • Wiring the broker through ExecContext · Bash cargo check...                                                          
   (esc to interrupt • ctrl+b to background • 3s • ↓ 0 tokens)                                                          
  ⎿ Next: Render the checklist band                                                                                     
────────────────────────────────────────────────────────────────────────────────────────────────────────────────────────
>                                                                                                                       
────────────────────────────────────────────────────────────────────────────────────────────────────────────────────────
snapuser@snaphost:/project/demo                                                                             context: n/a
mermaid v0.16.0 · safety: ask · reasoning: medium                                                            ollama/test
